
fn first_function() -> str
{
str a;
a = HelloWorld;
return a;
}